This is pdfTeX, Version 3.1415926-1.40.10 (TeX Live 2009/Debian) (format=latex 2012.10.23)  24 OCT 2012 00:05
entering extended mode
 %&-line parsing enabled.
**test.tex
(./test.tex
LaTeX2e <2009/09/24>
Babel <v3.8l> and hyphenation patterns for english, usenglishmax, dumylang, noh
yphenation, pinyin, loaded.
(/usr/share/texmf-texlive/tex/latex/base/article.cls
Document Class: article 2007/10/19 v1.4h Standard LaTeX document class
(/usr/share/texmf-texlive/tex/latex/base/size11.clo
File: size11.clo 2007/10/19 v1.4h Standard LaTeX file (size option)
)
\c@part=\count79
\c@section=\count80
\c@subsection=\count81
\c@subsubsection=\count82
\c@paragraph=\count83
\c@subparagraph=\count84
\c@figure=\count85
\c@table=\count86
\abovecaptionskip=\skip41
\belowcaptionskip=\skip42
\bibindent=\dimen102
)
(/usr/share/texmf-texlive/tex/latex/tools/xspace.sty
Package: xspace 2006/05/08 v1.12 Space after command names (DPC,MH)
) (./test.aux)
\openout1 = `test.aux'.

LaTeX Font Info:    Checking defaults for OML/cmm/m/it on input line 6.
LaTeX Font Info:    ... okay on input line 6.
LaTeX Font Info:    Checking defaults for T1/cmr/m/n on input line 6.
LaTeX Font Info:    ... okay on input line 6.
LaTeX Font Info:    Checking defaults for OT1/cmr/m/n on input line 6.
LaTeX Font Info:    ... okay on input line 6.
LaTeX Font Info:    Checking defaults for OMS/cmsy/m/n on input line 6.
LaTeX Font Info:    ... okay on input line 6.
LaTeX Font Info:    Checking defaults for OMX/cmex/m/n on input line 6.
LaTeX Font Info:    ... okay on input line 6.
LaTeX Font Info:    Checking defaults for U/cmr/m/n on input line 6.
LaTeX Font Info:    ... okay on input line 6.
LaTeX Font Info:    External font `cmex10' loaded for size
(Font)              <12> on input line 10.
LaTeX Font Info:    External font `cmex10' loaded for size
(Font)              <8> on input line 10.
LaTeX Font Info:    External font `cmex10' loaded for size
(Font)              <6> on input line 10.
LaTeX Font Info:    External font `cmex10' loaded for size
(Font)              <14.4> on input line 27.
LaTeX Font Info:    External font `cmex10' loaded for size
(Font)              <7> on input line 27.


LaTeX Font Warning: Font shape `OT1/cmr/bx/sc' undefined
(Font)              using `OT1/cmr/bx/n' instead on input line 37.

LaTeX Font Info:    External font `cmex10' loaded for size
(Font)              <24.88> on input line 39.
LaTeX Font Info:    External font `cmex10' loaded for size
(Font)              <20.74> on input line 39.
LaTeX Font Info:    External font `cmex10' loaded for size
(Font)              <17.28> on input line 39.
[1

]
Overfull \hbox (4.13577pt too wide) in paragraph at lines 41--43
\OT1/cmr/bx/n/24.88 Grouping \OT1/cmr/m/n/24.88 by curly braces lim-its the
 []

LaTeX Font Info:    External font `cmex10' loaded for size
(Font)              <9> on input line 44.
LaTeX Font Info:    External font `cmex10' loaded for size
(Font)              <5> on input line 44.

Underfull \hbox (badness 10000) in paragraph at lines 44--44
[][] \OT1/cmr/m/n/24.88 It
 []


Underfull \hbox (badness 10000) in paragraph at lines 44--44
\OT1/cmr/m/n/24.88 means
 []


Underfull \hbox (badness 10000) in paragraph at lines 44--44
\OT1/cmr/m/n/24.88 T[]X
 []


Underfull \hbox (badness 10000) in paragraph at lines 44--44
\OT1/cmr/m/n/24.88 Users
 []

[2] (./test.aux)

LaTeX Font Warning: Some font shapes were not available, defaults substituted.

 ) 
Here is how much of TeX's memory you used:
 299 strings out of 495047
 3547 string characters out of 1181959
 48190 words of memory out of 3000000
 3541 multiletter control sequences out of 15000+50000
 14581 words of font info for 50 fonts, out of 3000000 for 9000
 28 hyphenation exceptions out of 8191
 26i,10n,23p,154b,187s stack positions out of 5000i,500n,10000p,200000b,50000s

Output written on test.dvi (2 pages, 2820 bytes).
